[olive-meeting-472578.framer.app/index.html]
[backblue.gif]
[fade.gif]
[index.html]
[framerusercontent.com/sites/icons/default-favicon.v3.png]
[framerusercontent.com/images/PeAu0uv9tUXaeRrS6v9rh0Z8kE.png]
[framerusercontent.com/images/X9Whfq8zMwBJqoC9CiWATXAtyM.png]
[olive-meeting-472578.framer.app/about.html]
[olive-meeting-472578.framer.app/contact.html]
[olive-meeting-472578.framer.app/TreeMe.html]
[framerusercontent.com/images/VnlCRzwJjIEgDeYh3XGTLbAGWQ.png]
[olive-meeting-472578.framer.app/Waking-dreams.html]
[framerusercontent.com/images/XqqetPBscF7gO9r0MQMDEHu1No.png]
[olive-meeting-472578.framer.app/Co-design.html]
[framerusercontent.com/images/qr2zF4moIiYWQryRsCEXhM0d5rw.png]
[olive-meeting-472578.framer.app/Comunicazione.html]
[framerusercontent.com/images/2JVUapBMZCcCceMQAfgMQSAC2o.png]
[olive-meeting-472578.framer.app/Latest-works.html]
[framerusercontent.com/images/pAjCZBv9KKrjw2PVutz42FbaWAk.png]
[framerusercontent.com/images/WzmpYHI19IMkubaXodBeYMU1lw9ae5.png]
[olive-meeting-472578.framer.app/index.html]
[framerusercontent.com/images/QNTWLb3841NBtPTWDbeMhLONiU.png]
[framerusercontent.com/images/JoCjZqCVNDPFeTJtveuxYEvGU.png]
[framerusercontent.com/images/aK3V5XxAQeWHFE25V0cKlyA.png]
[framerusercontent.com/images/f50hOo6eT0ZMT6ksAHiufbiyF1Q.png]
[framerusercontent.com/images/j4a2Ralywwe8mFQPt9waQzGkwg.png]
[framerusercontent.com/images/wwLsQocFgUWQG7RHDGkJn83TI8.png]
[olive-meeting-472578.framer.app/about.html]
[framerusercontent.com/images/WzmpYHI19IMkubaXodBeYMU1lw.png]
[olive-meeting-472578.framer.app/contact.html]
[framerusercontent.com/images/sLL8oMnTi3ggxZVwFowxaStzA.png]
[framerusercontent.com/images/4gWIq2iUrrRpfodN0Pm71gkGtMY.png]
[framerusercontent.com/images/znHMMcchEwNeHnQ2lbuHmkRz3Ok.png]
[framerusercontent.com/images/W1cPV5yfGATjwrfSIWnGDzCws.png]
[framerusercontent.com/images/R4MrpW5u04mMDCfYbgR7Lu92kK0.png]
[framerusercontent.com/images/UJHbHtOr4nQVhZBcPaTI0I5Qg.png]
[framerusercontent.com/images/z1FxkVIAsVYyDp2PkyrJvRBHg.png]
[framerusercontent.com/images/Q6AnBAPtXK9HxFkRrmWgEGA9ypg.png]
[framerusercontent.com/images/UjF2RTdzFfxsbwQGafNcaze6w.png]
[framerusercontent.com/images/1gesDQ7r8gqJLahkXD8tlpEeg.png]
[framerusercontent.com/images/gNZpn4o1mUqAjE0SGgteGGbPHE.png]
[framerusercontent.com/images/lNoETIKWcq9Pod7ItEV8LTgSI.png]
[framerusercontent.com/images/nGXA2TciPaVmmtXXojgz5hAeuSI.jpg]
[framerusercontent.com/images/vUZ4SAhDGapZ2mAIYORAce9Tmw.jpg]
[framerusercontent.com/images/BOQCiWEiae2WEMxHw5t0FWKvWA.png]
[framerusercontent.com/images/yqjlHqQAQAORABCI4PU7sqNqt5M.png]
[framerusercontent.com/images/ptgqKFKZAS7kQkeLz43XGPLmaZU.png]
[framerusercontent.com/images/h0UcVWaYOrAk1PBdF6Jm1Wyms.png]
[framerusercontent.com/images/DMb4ELNFc2p5xlFtv09TXnJxl84.png]
[framerusercontent.com/images/TOPltsqfYnYBu9F1Oi3e2RRVDM.png]
[framerusercontent.com/images/ICwkHYq02tvE6svVm9D2DsA5Y.png]
[framerusercontent.com/images/k02NYW2Rm8oKcQ92JiTlzGnco48.png]
[framerusercontent.com/images/hoBhB4eJYBnSH6w2gjxrXfKv4.png]
[framerusercontent.com/images/pt9SgLZQqVge6bAJMZRFfKgMVA.png]
[framerusercontent.com/images/sHHRt9XfPuRO15xQVyo23TzFrg.png]
[framerusercontent.com/images/mKwu87yRsnBFcM4hZVfwbVSMY.png]
[framerusercontent.com/images/PCZWc21gaRz3KhOiuAY3vHK1nP8.png]
[framerusercontent.com/images/IjLMPaP00mHemQ7mLgF06NHpA.png]
[framerusercontent.com/images/oXRGS6HdI9D2BzbcnI4Lr5xT1dA.png]
[framerusercontent.com/images/8mgDuIcTh92iO7AvRRSFSSeBCQ.png]
[framerusercontent.com/images/U0OGtq6AbyH8B0e12pnoF2qwUY.png]
[framerusercontent.com/images/Dhvlnl3DWTrrA1autmziZRzISQ.png]
[framerusercontent.com/images/MKHMG3NqFeLBsEHRmsnooABO2Dg.png]
[framerusercontent.com/images/WvosOvD5D3hNrlqwcxxdPTpjos.png]
[framerusercontent.com/images/VrwmFKS9Bpo4jvdSNRVqCgB42Tk.png]
[framerusercontent.com/images/n9mVs79CRsBe21TiPPCCZOMB2PA.png]
[framerusercontent.com/images/Im6Cy6Mwcc0snyPCHHUEm1c.png]
[framerusercontent.com/images/CLm1M6V9GX5GYFf5pKIprUdVhGg.png]
[olive-meeting-472578.framer.app/TreeMe.html]
[framerusercontent.com/images/rOA8WnllgzYA2t64u1gIRgpQ.png]
[framerusercontent.com/images/eupScHq9sg0pzWsgAdPaE69RhaM.png]
[framerusercontent.com/images/CLi7PjQOVigd2KAVjQvA5010.png]
[framerusercontent.com/images/VxAGcKh0jfobX7wo3UA4HdLkME.png]
[framerusercontent.com/images/fouAkPW8rWou17UTrnMWrup1L4.png]
[framerusercontent.com/images/Mf0U4X7if9CrV8N3hqPqOpug.png]
[framerusercontent.com/images/O7rJKUUmdvqhhPqJFSCs1zbzhU.png]
[framerusercontent.com/images/QiE8Yj4LvrefKZPulm04ZzWafW8.png]
[framerusercontent.com/images/FKoCurR0CMk9HR8dglWRCd2Boeo.png]
[framerusercontent.com/images/NKUnibedbxTLqm3OJ2Eg7mMYd60.png]
[framerusercontent.com/images/Rc3VfkW7uPdURsgPaFT9hVj38vg.png]
[framerusercontent.com/images/sRhkuQDyB5ugUSXvLpBHZcDtO0Y.png]
[framerusercontent.com/images/szf4T5qy9GBNLd3sMUGDnPRWGy4.png]
[framerusercontent.com/images/WbP0ANibQlcgqfUSWLFrm7pOg9ae5.png]
[framerusercontent.com/images/N7kYGjKgKs21rovPGwW5KoCB6OQ.png]
[framerusercontent.com/images/eDVAZ4ZnvaSCGBWe9ORBUiyTv9A.png]
[framerusercontent.com/images/PBwwVdN3sJ4FfUUmbURE1b4cj3o.png]
[framerusercontent.com/images/9JuHVdgWrXDxx5pQZCP8rcgXv7I.png]
[framerusercontent.com/images/AhmzAi9znszXqLwKIB4S45b9ZT8bf23.png]
[framerusercontent.com/images/vfIaydnX2dL9jDUmu7JsGS3zQPY.png]
[framerusercontent.com/images/k3gnTWHylgW6AsZxBvWVbF4OQ.png]
[framerusercontent.com/images/iU8Fz9oufJcS98GFqIzsC0s18dA.png]
[framerusercontent.com/images/rA98pYbiaeTTmiLMk8lBB8Xfq4.png]
[framerusercontent.com/images/s3p4WIqX6MU4InEFOeEL7SvY2uo.png]
[framerusercontent.com/images/UJCqF5WDaRBQaY7dTAEk3BgUmmQ.png]
[framerusercontent.com/images/YpOo4efjmPOZGW2Au2NFGqG3Vg.png]
[framerusercontent.com/images/tL9nWO4csEFLK5X16WP6VzRo9M.png]
[framerusercontent.com/images/awfBN4MY7Gi3HNatfGKHqZCIQ3A.png]
[framerusercontent.com/images/TrJOWmVqVGX1EzMwV9Oxibt4f3Y9ae5.png]
[framerusercontent.com/images/uE4I0vKtqdtqJ9GlcDvMyzRbk0.png]
[framerusercontent.com/images/ueQSA2JSIsR8qsyUeWsMetIE0ok.png]
[framerusercontent.com/images/vQpPAiH1MUGSzFCfKGbvdUCVw049ae5.png]
[framerusercontent.com/images/zxjc15eOAqOdmtqvqrItugWfMek.png]
[framerusercontent.com/images/RJdNbqadb4WZjOdVxYdJfDsgI.png]
[framerusercontent.com/images/4i3Ug6wDUsJAXg8lc2kQZCP6M.png]
[olive-meeting-472578.framer.app/Waking-dreams.html]
[framerusercontent.com/images/H3fDB1UTiE7SrMV0tPtp4EuZuoI.png]
[framerusercontent.com/images/E4A2PHvISMKeWsy2OGOsFP1HWGQ.png]
[framerusercontent.com/images/GFJYO6RiwM8SnXMNfZrSaop5I0.png]
[framerusercontent.com/images/ruHJe9T2CBdLcAmIjPvQSlrc.png]
[framerusercontent.com/images/hXsydIC33AWfiMnYgJQJK7MbyQs.png]
[framerusercontent.com/images/4BWoqRaLk4o0Hwau4DvLgrOTAk.png]
[framerusercontent.com/images/gDdrbUENhaSuJnarTnIg15SvBw.png]
[framerusercontent.com/images/4PEYZKYFqIvoDz8afvnATvzLX4.png]
[framerusercontent.com/images/XntioP04N8f7xCM7Yao4MyN8a1o.png]
[framerusercontent.com/images/qMoqwnKOHnMsJaKWiGTQNw5wfqM.png]
[framerusercontent.com/images/SMjtGVcteqJVyFxwjX8FSfN78.png]
[framerusercontent.com/images/PgdxSVSGwafYQqJ8GBer0lqZgzA.png]
[framerusercontent.com/images/XT98JMhXSaqv45HlYByaUpNmBA.png]
[framerusercontent.com/images/Y1w9y135z5B5u5JFAz3MJVwbG0.png]
[framerusercontent.com/images/r5zH0Wjotns6PwRNtqYnSsrAlxc.png]
[framerusercontent.com/images/3zNtYZXeds4P7rsMvLFJylKo.png]
[framerusercontent.com/images/wzxgjaFjVTeRjDZbI9ymaSICFGk.png]
[framerusercontent.com/images/pWc18HuBraiWBHMXXhVfYgV0U.png]
[framerusercontent.com/images/lT4z5ZsuPanN5M4mXZHWpZmz5nQ.png]
[framerusercontent.com/images/Dn3IThAiY3t37rvVcFvFIn6spM.png]
[framerusercontent.com/images/T5nFOn4uIfQTOtEbMEB7vrPkcw.png]
[framerusercontent.com/images/06GK5Wwzip8IRD1ykLUm5Ax9w.png]
[framerusercontent.com/images/P18YTLrM5YtTxw24wpYjVOX9Zfk.png]
[framerusercontent.com/images/RGiLRBfVjU4ZC4OjT36uEztOgk.png]
[framerusercontent.com/images/7HaXGzOfZhz2DLXYgkZjg9Axf8.png]
[framerusercontent.com/images/qMvuJ7H0WBBs2TcknC0v5n7qyU.png]
[framerusercontent.com/images/dhvIbaeFcuHUOBf86ihylqHdzw.png]
[framerusercontent.com/images/IHBI8MzAQhBh3jZiqZhCAFbfwa3fc.png]
[olive-meeting-472578.framer.app/Co-design.html]
[framerusercontent.com/images/hgxUiG2DYp6clD71yZAuvL0DVwA.png]
[framerusercontent.com/images/uh5LRES8bzA9neoVRNGXsGTE.png]
[framerusercontent.com/images/5OZrdYq20OEXEK2hYtCcw3hpKy4.jpg]
[framerusercontent.com/images/pmeSXfB8PNR9l0K9QRMwnkZDvA.png]
[framerusercontent.com/images/IqKrtd40Ke9ztKtO8XV6HaNYxY.png]
[framerusercontent.com/images/83Euo6mNglzq6y3fJNmZQzkibU.png]
[framerusercontent.com/images/vD6yQtB61z0ncyJr4vPp9Ccbp4.png]
[framerusercontent.com/images/9OzEEG9P0ztewvctL0fkpMk5JE.png]
[framerusercontent.com/images/IPdQ2fT8QpRMaqaSJvTwJikCn48.png]
[framerusercontent.com/images/2ImRLS4HqwhOfF8Ec6Ik6BNFE.png]
[framerusercontent.com/images/DRRyczGn0bZdMQDkXSB7R6VHGKo.png]
[framerusercontent.com/images/aCxDEn2oqbZiddzh1UF6Pi5gII.png]
[framerusercontent.com/images/JsM0QQQbTYuuz82sEcTgAsX2WY.png]
[framerusercontent.com/images/tYvGVm4YdRoXQBJtdpLEMZqYNsY.png]
[framerusercontent.com/images/4kcOGskoFzCPIXYew4piOGCt4.png]
[framerusercontent.com/images/KOPLOMPtvxYZ2d8pk4kTTcy8w.png]
[framerusercontent.com/images/JFQtvXaLATxTbRDubgpZNBepM.png]
[framerusercontent.com/images/sXo1tuCtoEsBBp0WnEojqdEjmg.png]
[framerusercontent.com/images/3fNtjI7NoBHvqVANfUntbHWc5ug.png]
[framerusercontent.com/images/USL8T7FK8n0yjhCczl5qYK4UJL4.png]
[framerusercontent.com/images/JBz550PnVI9taUAEDjw0QYS5P6w.png]
[framerusercontent.com/images/d8a1i2B60H5QrCR0tuB2ELa5Tw.png]
[framerusercontent.com/images/ZkEtGs8gNqmTBcKevPthSBhsdE0.jpg]
[framerusercontent.com/images/caAy5Re5eYclHHUqa9NGNUcsQ.png]
[framerusercontent.com/images/DrkVOElUXBBETw8TMvNO5CiBXk.jpg]
[framerusercontent.com/images/x71hH6OrYPgbvqmHL9IQrjvmvu8.jpg]
[framerusercontent.com/images/xzV5V9cNf7OFxyvlE9isSv67Bo.jpg]
[framerusercontent.com/images/xOUBwp6Uuz1xIhJtgLtIMZhsz4.jpg]
[framerusercontent.com/images/SnjicMQECm5C3Ro1Vd9tsL2HbU.jpg]
[framerusercontent.com/images/wL7nG3Q35cVTpYoGLyTV0MwT7s.jpg]
[framerusercontent.com/images/tXoA3h8GVJ1lVOVhWE0IrjDnrA.png]
[framerusercontent.com/images/2Ais2DrnJvqGzQlgqIHZJzFNU.jpg]
[framerusercontent.com/images/ppLFLc6ajGv5P2DRQgqrhtLvdQ.png]
[framerusercontent.com/images/hXNEuDOrA1fisyx6plE6V4KHJfw.png]
[framerusercontent.com/images/wSgVietxPoFNTPoWnaJ1iZzOS4Y.png]
[framerusercontent.com/images/WNJVjQyAex27cHE5MubLJQ7riE.jpg]
[framerusercontent.com/images/uDZMaZZVfcXs2rrtWFVZrS6nJY.png]
[framerusercontent.com/images/C6X5A72p6sj5QSf1XcyKSWthMY.png]
[framerusercontent.com/images/4ws2oXHIOZTneEFu0XEiG8jB0.png]
[framerusercontent.com/images/TUIepkf3UOYxaIRSAUXFIUnz2rI.png]
[framerusercontent.com/images/9neCXdJG7wTkiKX9GDtGUSxVfc.png]
[framerusercontent.com/images/2qMlmjlKBqLvCxQMAbt4zZHNH8.png]
[framerusercontent.com/images/5Wt6uhIluBpfaNSUIhG1QM952g.png]
[framerusercontent.com/images/1Grd00OAQPcFNEJtlm5dOwJoM.png]
[framerusercontent.com/images/ybhV3Cg3tlrwnbvPA3srr5nsOww.png]
[framerusercontent.com/images/QoJ23UHWb3J7tzjYbgGATfYE3w.png]
[framerusercontent.com/images/4LHC1Bi5cUrzT7ZhXsM5cypeSY.png]
[framerusercontent.com/images/un2qKz3NwsB1bnMjVFdXxmbte6k.png]
[framerusercontent.com/images/itSTKH5vw8cyjMGvQakDFmm84.png]
[framerusercontent.com/images/SUXfo5fU8ZYsSqSYiaRGnG4SlQo.png]
[framerusercontent.com/images/O313T82tYDVvwDzk6MXgd3KhA0.png]
[framerusercontent.com/images/IP8YUCKOzrJMwOpaeZY7SnPJGUw.png]
[framerusercontent.com/images/HUWuDbPSqCJVfgsrZtQBNhWojM9ae5.png]
[framerusercontent.com/images/HRQ5axllIuEdIa5kcbmxfNqaBko.png]
[framerusercontent.com/images/hntRUYm7qsDRWJaLtShYZBdYk.png]
[framerusercontent.com/images/iSo4QEn02X7vywu9k8Ziugh0A.png]
[framerusercontent.com/images/aKWOGys8BY73aaPapY87xMRfPc.png]
[framerusercontent.com/images/Sm6R6mqqNZpY9WjRC57OmsfnxY.png]
[framerusercontent.com/images/yVggxSsCuTsHP7v1WECLbyQ0g.png]
[framerusercontent.com/images/XQSAoyLy8sVTnF4C0PPkVC88px4.png]
[framerusercontent.com/images/x3iJQqq5B4lbDiVBWVPryfNXY.png]
[framerusercontent.com/images/e8Zw56H2sMNHB1ztPJ7gw5IIXjM.png]
[framerusercontent.com/images/tyH2Xiy0a9IPNlKyxxXNRW3CTyE.png]
[framerusercontent.com/images/WBhwYwUiAeIGKoQlfmutOWLfdI0.png]
[framerusercontent.com/images/NlsrRAGI6AAxEq65xAsE6qTio5Q.png]
[framerusercontent.com/images/LGMUL6EUMsTgC6ESXTfv2zoIorg.png]
[framerusercontent.com/images/DxKyxn1QhrIMelq2P6fhHtCs.png]
[olive-meeting-472578.framer.app/Comunicazione.html]
[framerusercontent.com/images/7P4HLkk1x6n4M9SGqHALoIF3MaA.png]
[framerusercontent.com/images/N6kCs78ygUXZmCZpx1nnHCDi7o.png]
[framerusercontent.com/images/A0mvbuTfSMfZmYok7nxqXHMtlec.png]
[framerusercontent.com/images/XOPD2CBGkLpjA1qP8pm7woTttU.png]
[framerusercontent.com/images/twXqeeheDohWmfjKcdcGBSUWI0.png]
[framerusercontent.com/images/VfV9KAxHKUcm7mFY7VtenKMjo.png]
[framerusercontent.com/images/zO2ufiK1niX5d6jOSkDN3vixAug.png]
[framerusercontent.com/images/GUHqaRlJyFbvZe0pL6MP1EKHico9ae5.png]
[framerusercontent.com/images/f2V5vwI5VqjykKbNdrpEV0BApMc.png]
[framerusercontent.com/images/5zmrzsLiBV2oRXA5IwLpOclvlrM.png]
[framerusercontent.com/images/6DuApBDqaX1KWpjOaKnWL82P818.png]
[framerusercontent.com/images/67imXIiMxIIOEurOU8aG7JXBTM.png]
[framerusercontent.com/images/9uNfaQQeJNA5fYpQos2EP9jHCmA.png]
[framerusercontent.com/images/NgFJFV9X6woxQ7gpp1djhXANNWk.png]
[framerusercontent.com/images/ZdVd67h7ssRlbNxgvitgKogP9w.png]
[framerusercontent.com/images/ofL1Eisk8NAPu3pHwwnqvlQPIE.png]
[framerusercontent.com/images/o145cbQio29kaAsDef3jdJ7iuhc.png]
[framerusercontent.com/images/zC2PfthFqK9tNGzd5uLWTBXU0.png]
[framerusercontent.com/images/iwSEBJvBqhYF0CdUHqriau3JVC89ae5.png]
[framerusercontent.com/images/h3hsPczpA6PTn62NKaBguzlzu89ae5.png]
[framerusercontent.com/images/LJozRbPzD7BIrtgvFM8w77En3Es.png]
[framerusercontent.com/images/0pwtJEXNTafsYkni53nnOLZgbpY.png]
[olive-meeting-472578.framer.app/Latest-works.html]
[framerusercontent.com/modules/4y7a1HtdBwwmE7sqUcaf/2cJAoyDWDi8nWAvPxAU1/assets/PeAu0uv9tUXaeRrS6v9rh0Z8kE.html]
